../Core/Src/main.c:87:5:calcularErrorPH	16	static
../Core/Src/main.c:92:5:obtenerSensibilidad	16	static
../Core/Src/main.c:96:5:calcularVolumen	16	static
../Core/Src/main.c:101:5:calcularCaudal	16	static
../Core/Src/main.c:107:5:calcularDutyFinal	24	static
../Core/Src/main.c:116:6:setBombaPWM	24	static
../Core/Src/main.c:127:5:leerVoltaje	16	static
../Core/Src/main.c:139:5:leerPH	24	static
../Core/Src/main.c:160:5:main	160	static
../Core/Src/main.c:294:6:SystemClock_Config	88	static
../Core/Src/main.c:338:13:MX_ADC1_Init	24	static
../Core/Src/main.c:385:13:MX_I2C1_Init	8	static
../Core/Src/main.c:419:13:MX_TIM2_Init	48	static
../Core/Src/main.c:472:13:MX_GPIO_Init	16	static
../Core/Src/main.c:495:6:Error_Handler	4	static,ignoring_inline_asm
